
{
    "name": "test",
    "version": "1.2.3",
    "main": "index.js",
    "dependencies": {
        "builtin": "0.0.1"
    }
}
        