
{
    "name": "simple_math",
    "version": "0.0.1",
    "main": "simple_math/index.js",
    "dependencies": {
        "datawire-quark-core": "0.3.1"
    }
}
        