
{
    "name": "use_package_before_def",
    "version": "0.0.1",
    "main": "use_package_before_def/index.js",
    "dependencies": {
        "datawire-quark-core": "0.4.1"
    }
}
        