
{
    "name": "org_example_foo",
    "version": "0.1.0",
    "main": "index.js",
    "dependencies": {
        "quark": "0.0.1"
    }
}
        