
{
    "name": "parameterized_defaults",
    "version": "0.0.1",
    "main": "parameterized_defaults/index.js",
    "dependencies": {
        "datawire-quark-core": "0.4.1"
    }
}
        