
{
    "name": "constructors",
    "version": "0.0.1",
    "main": "constructors/index.js",
    "dependencies": {
        "datawire-quark-core": "0.4.1"
    }
}
        