
{
    "name": "break_and_continue",
    "version": "0.0.1",
    "main": "index.js",
    "dependencies": {
        "quark": "0.0.1"
    }
}
        