Parsing: hello.q ....
Compiling quark code ...
Done
