Parsing: hello.q ....................
Compiling quark code ... done.
Writing $REPO/examples/helloRPC/hello.qc ...................................................
Installing Java hello with Maven .....
Installing Ruby hello with GEM ......
Installing Python hello with PIP ......
Installing JavaScript hello with NPM ...
Done
