later: expected
later failure: expected
requestbin failure: error
