test1:
--
3
4

test2:
--
hello
world

test3:
--
3
4

test4:
--
null
null
3
3
4
4

test5:
--
null
null
hello
hello
3

test6:
--
3
3
