12
68656c6c 6f20776f 726c6421
aGVsbG8gd29ybGQh
0000 0001 0203 0405 06
B[0]=0   00
S[0]=0   0000
I[0]=1   00000001
L[0]=4328719365   0000000102030405
B[1]=0   00
S[1]=0   0000
I[1]=258   00000102
L[1]=1108152157446   0000010203040506
B[2]=0   00
S[2]=1   0001
I[2]=66051   00010203
B[3]=1   01
S[3]=258   0102
I[3]=16909060   01020304
B[4]=2   02
S[4]=515   0203
I[4]=33752069   02030405
B[5]=3   03
S[5]=772   0304
I[5]=50595078   03040506
B[6]=4   04
S[6]=1029   0405
B[7]=5   05
S[7]=1286   0506
B[8]=6   06
yay
