Hello, my name is Bob
Greetings, my name is Carole
