1
2
3
one
two
three
[]
[1]
[1, 2, 3]
[]
[one]
[one, two, three]
3
null
[[1, 2, 3], [4, 5, 6], [7, 8, 9]]
