{"$class":"json_marshalling.Conf","org_id":"myOrg","orgs":{"org1":{"$class":"json_marshalling.Org","org_name":"name1","service_tokens":{"svc1":"token1","svc2":"token2"},"fancy_tokens":{"$map":[{"$class":"json_marshalling.Service","name":"fancy1"},{"$class":"json_marshalling.Token","token":"fancy11"},{"$class":"json_marshalling.Service","name":"fancy2"},{"$class":"json_marshalling.Token","token":"fancy22"}]},"orgchart":[[],[],[],[],[null,null,"42"]]},"org2":{"$class":"json_marshalling.Org","org_name":"name2","service_tokens":{"svc11":"token11","svc22":"token22"},"fancy_tokens":{},"orgchart":[[],[null,null,null,"13"]]}}}
{"$class":"json_marshalling.Conf","org_id":"myOrg","orgs":{"org1":{"$class":"json_marshalling.Org","org_name":"name1","service_tokens":{"svc1":"token1","svc2":"token2"},"fancy_tokens":{"$map":[{"$class":"json_marshalling.Service","name":"fancy1"},{"$class":"json_marshalling.Token","token":"fancy11"},{"$class":"json_marshalling.Service","name":"fancy2"},{"$class":"json_marshalling.Token","token":"fancy22"}]},"orgchart":[[],[],[],[],[null,null,"42"]]},"org2":{"$class":"json_marshalling.Org","org_name":"name2","service_tokens":{"svc11":"token11","svc22":"token22"},"fancy_tokens":{},"orgchart":[[],[null,null,null,"13"]]}}}
OK!
