DEBUG quark.hello Debug log
INFO quark.hello Info log
ERROR quark.hello Error log
