3
null
^--- should be null
first_a
second_b
second_c
3.14159
2.718
[dockingbay, e, fun, one, pi, three, two, zero]
