
{
    "name": "slackpack",
    "version": "1.0.0",
    "main": "index.js",
    "dependencies": {
        "quark": "1.0.406"
    }
}
        