[
    {
        "name": "foo", 
        "path": "", 
        "visibility": "public", 
        "description": "(multinamespace)", 
        "kind": "namespace", 
        "definitions": [
            {
                "name": "Pet", 
                "path": "foo", 
                "visibility": "public", 
                "description": "Essential information about a pet.", 
                "kind": "class", 
                "bases": [], 
                "parameters": [], 
                "definitions": [
                    {
                        "name": "id", 
                        "path": "foo.Pet", 
                        "visibility": "public", 
                        "description": "The id of the pet.", 
                        "kind": "instance field", 
                        "type": "int"
                    }, 
                    {
                        "name": "name", 
                        "path": "foo.Pet", 
                        "visibility": "public", 
                        "description": "The name of the pet.", 
                        "kind": "instance field", 
                        "type": "String"
                    }, 
                    {
                        "name": "tag", 
                        "path": "foo.Pet", 
                        "visibility": "public", 
                        "description": "The tag associated with the pet.", 
                        "kind": "instance field", 
                        "type": "String"
                    }
                ]
            }, 
            {
                "name": "PetStore", 
                "path": "foo", 
                "visibility": "public", 
                "description": "The PetStore service interface.", 
                "kind": "interface", 
                "bases": [], 
                "parameters": [], 
                "definitions": [
                    {
                        "name": "findPet", 
                        "path": "foo.PetStore", 
                        "visibility": "public", 
                        "description": "Find a pet based upon its id.", 
                        "kind": "instance method", 
                        "type": "Pet", 
                        "parameters": [
                            {
                                "name": "id", 
                                "path": "foo.PetStore.findPet", 
                                "visibility": "public", 
                                "description": "(param)", 
                                "kind": "parameter", 
                                "type": "int"
                            }
                        ]
                    }, 
                    {
                        "name": "findPets", 
                        "path": "foo.PetStore", 
                        "visibility": "public", 
                        "description": "Get an optionally limited set of pets based on a list of tags.", 
                        "kind": "instance method", 
                        "type": "List&lt;Pet&gt;", 
                        "parameters": [
                            {
                                "name": "tags", 
                                "path": "foo.PetStore.findPets", 
                                "visibility": "public", 
                                "description": "(param)", 
                                "kind": "parameter", 
                                "type": "List&lt;String&gt;"
                            }, 
                            {
                                "name": "limit", 
                                "path": "foo.PetStore.findPets", 
                                "visibility": "public", 
                                "description": "(param)", 
                                "kind": "parameter", 
                                "type": "int"
                            }
                        ]
                    }, 
                    {
                        "name": "createPet", 
                        "path": "foo.PetStore", 
                        "visibility": "public", 
                        "description": "Create a new pet.", 
                        "kind": "instance method", 
                        "type": "Pet", 
                        "parameters": [
                            {
                                "name": "name", 
                                "path": "foo.PetStore.createPet", 
                                "visibility": "public", 
                                "description": "(param)", 
                                "kind": "parameter", 
                                "type": "String"
                            }, 
                            {
                                "name": "tag", 
                                "path": "foo.PetStore.createPet", 
                                "visibility": "public", 
                                "description": "(param)", 
                                "kind": "parameter", 
                                "type": "String"
                            }
                        ]
                    }, 
                    {
                        "name": "deletePet", 
                        "path": "foo.PetStore", 
                        "visibility": "public", 
                        "description": "Delete a pet based on its id.", 
                        "kind": "instance method", 
                        "type": "void", 
                        "parameters": [
                            {
                                "name": "id", 
                                "path": "foo.PetStore.deletePet", 
                                "visibility": "public", 
                                "description": "(param)", 
                                "kind": "parameter", 
                                "type": "int"
                            }
                        ]
                    }
                ]
            }
        ]
    }
]