
{
    "name": "macro_native",
    "version": "0.0.1",
    "main": "macro_native/index.js",
    "dependencies": {
        "datawire-quark-core": "0.3.1"
    }
}
        