
{
    "name": "package",
    "version": "0.0.1",
    "main": "index.js",
    "dependencies": {
        "quark": "1.0.406"
    }
}
        