<!DOCTYPE html PUBLIC "-//W3C//DTD HTML 3.2 Final//EN"><html>
<title>Directory listing for /</title>
<body>
<h2>Directory listing for /</h2>
<hr>
<ul>
<li><a href="fallback.q">fallback.q</a>
<li><a href="fallback.qc">fallback.qc</a>
<li><a href="gen-test/">gen-test/</a>
<li><a href="get.js">get.js</a>
<li><a href="get.py">get.py</a>
<li><a href="pom.xml">pom.xml</a>
<li><a href="README.md">README.md</a>
<li><a href="src/">src/</a>
<li><a href="target/">target/</a>
<li><a href="test-example.sh">test-example.sh</a>
</ul>
<hr>
</body>
</html>
