
{
    "name": "puse",
    "version": "4.5.6",
    "main": "puse/index.js",
    "dependencies": {
        "datawire-quark-core": "0.3.1",
        "test": "1.2.3"
    }
}
        