
{
    "name": "autocast",
    "version": "0.0.1",
    "main": "autocast/index.js",
    "dependencies": {
        "datawire-quark-core": "0.4.1"
    }
}
        