
{
    "name": "builtin_codec",
    "version": "0.0.1",
    "main": "builtin_codec/index.js",
    "dependencies": {
        "datawire-quark-core": "0.3.1"
    }
}
        