Hello { type: 'hello', user: null, channel: null, timestamp: null }
