
{
    "name": "json_tests",
    "version": "0.0.1",
    "main": "index.js",
    "dependencies": {
        "quark": "0.0.1"
    }
}
        