
{
    "name": "delegate",
    "version": "0.0.1",
    "main": "delegate/index.js",
    "dependencies": {
        "datawire-quark-core": "0.3.1"
    }
}
        